[2026-07-03T14:42:08] root=/mnt/shared-storage-user/dnacoding/wangzhongqi/Data/cellxgene/Homo_sapiens tasks=622 jobs=8 blocksize=65536 verify=True
[2026-07-03T14:42:08] skipped     0.0% 00476f9f-ebc1-4b72-b541-32f912ce36ea (98.5 MiB, 0.0s) already at target blocksize
[2026-07-03T14:42:08] skipped     0.0% 01209dce-3575-4bed-b1df-129f57fbc031 (364.3 MiB, 0.0s) already at target blocksize
[2026-07-03T14:42:08] skipped     0.1% 0087cde2-967d-4f7c-8e6e-40e4c9ad1891 (514.5 MiB, 0.0s) already at target blocksize
[2026-07-03T14:42:10] converted   0.1% 01c93cf6-b695-4e30-a26e-121ae8b16a9e (55.2 MiB, 2.2s) ok
[2026-07-03T14:42:10] converted   0.1% 024581e3-5375-4e33-8060-d8448694f556 (105.5 MiB, 2.5s) ok
[2026-07-03T14:42:11] converted   0.1% 03d38670-1444-4001-bc53-9936e61d9b20 (121.3 MiB, 1.0s) ok
[2026-07-03T14:42:13] converted   0.1% 01ff5cf0-730f-4ddc-b1be-7b407211f544 (505.3 MiB, 5.3s) ok
[2026-07-03T14:42:14] converted   0.1% 06ef6b36-6c9b-4e10-8a94-d0baf274276e (98.4 MiB, 0.9s) ok
[2026-07-03T14:42:15] converted   0.1% 07760522-707a-4a1c-8891-dbd1226d6b27 (179.3 MiB, 1.3s) ok
[2026-07-03T14:42:15] converted   0.2% 01b84709-139c-4485-98a9-6e14c58fbbf6 (718.8 MiB, 7.6s) ok
[2026-07-03T14:42:16] converted   0.2% 077b0429-0f47-48e0-879a-39eaae531d42 (92.0 MiB, 0.7s) ok
[2026-07-03T14:42:16] converted   0.2% 07b1d7c8-5c2e-42f7-9246-26f746cd6013 (146.3 MiB, 1.2s) ok
[2026-07-03T14:42:17] converted   0.2% 07dd8c34-4625-480a-8ee4-273a06c3082b (88.9 MiB, 0.8s) ok
[2026-07-03T14:42:17] converted   0.3% 02792605-4760-4023-82ad-40fc4458a5db (1238.1 MiB, 9.1s) ok
[2026-07-03T14:42:17] converted   0.4% 019c7af2-c827-4454-9970-44d5e39ce068 (1331.9 MiB, 9.2s) ok
[2026-07-03T14:42:17] converted   0.4% 090da8ea-46e8-40df-bffc-1f78e1538d27 (111.6 MiB, 0.9s) ok
[2026-07-03T14:42:19] converted   0.4% 095940cb-7422-4510-96e2-cbafd961eb88 (237.8 MiB, 1.7s) ok
[2026-07-03T14:42:20] converted   0.5% 030faa69-ff79-4d85-8630-7c874a114c19 (1193.0 MiB, 9.7s) ok
[2026-07-03T14:42:20] converted   0.5% 09b518f9-da64-44cc-aec8-70a89d55611f (319.7 MiB, 2.6s) ok
[2026-07-03T14:42:21] converted   0.6% 0920bcb8-4b3a-4e9d-a353-56f529fd3b32 (569.4 MiB, 4.6s) ok
[2026-07-03T14:42:22] converted   0.7% 0436a180-cb44-47ba-8ffa-807b7a468469 (1763.7 MiB, 10.6s) ok
[2026-07-03T14:42:24] converted   0.7% 0b4a15a7-4e9e-4555-9733-2423e5c66469 (567.1 MiB, 2.3s) ok
[2026-07-03T14:42:24] converted   0.8% 0ae6f031-2f9c-4247-8b26-db320d6efd32 (745.3 MiB, 3.8s) ok
[2026-07-03T14:42:25] converted   0.8% 0a2d7e87-c3c0-4ed2-86df-ae18811fcc16 (775.6 MiB, 6.1s) ok
[2026-07-03T14:42:26] converted   0.9% 0bae7ebf-eb54-46a6-be9a-3461cecefa4c (395.6 MiB, 2.2s) ok
[2026-07-03T14:42:26] converted   1.0% 093d3bfe-6f0f-4ac0-a7a1-829f94d0a49f (1852.0 MiB, 9.7s) ok
[2026-07-03T14:42:27] converted   1.0% 0c9a8cfb-6649-4d52-b418-6d8e56bd7afe (13.5 MiB, 0.2s) ok
[2026-07-03T14:42:29] converted   1.0% 0de831e0-a525-4ec5-b717-df56f2de2bf0 (558.4 MiB, 2.6s) ok
[2026-07-03T14:42:30] converted   1.1% 0bf30b02-db97-4560-b9cd-0fe3588892af (543.5 MiB, 4.9s) ok
[2026-07-03T14:42:30] converted   1.1% 0ee5ae70-c3f5-473f-bd1c-287f4690ffc5 (49.3 MiB, 0.4s) ok
[2026-07-03T14:42:33] converted   1.1% 0f4865d5-8000-4f68-8ac7-f5efea9e5e70 (267.0 MiB, 2.6s) ok
[2026-07-03T14:42:34] converted   1.1% 108c2b65-4ea9-4792-8b5b-451842faf35b (259.4 MiB, 1.8s) ok
[2026-07-03T14:42:41] converted   1.2% 10c0c666-bd99-4a5c-b697-f1be835f5427 (996.6 MiB, 6.8s) ok
[2026-07-03T14:42:41] converted   1.3% 0df5d172-5888-4cec-9a96-e637636bbfef (1480.0 MiB, 12.1s) ok
[2026-07-03T14:42:44] converted   1.3% 1196334f-a441-474a-95ee-400780941690 (312.8 MiB, 2.2s) ok
[2026-07-03T14:42:44] converted   1.3% 1185a7d3-a9c1-4280-9ba5-d61895b15cac (353.3 MiB, 2.5s) ok
[2026-07-03T14:42:44] converted   1.8% 01ad3cd7-3929-4654-84c0-6db05bd5fd59 (6325.7 MiB, 36.5s) ok
[2026-07-03T14:42:45] converted   2.0% 0a8e3443-c3e2-4918-84db-0495657d9175 (3774.1 MiB, 25.0s) ok
[2026-07-03T14:42:45] converted   2.0% 124744b8-4681-474a-9894-683896122708 (110.3 MiB, 1.1s) ok
[2026-07-03T14:42:45] converted   2.2% 0bc7235a-ae5a-479d-a487-510435377e55 (2951.4 MiB, 21.1s) ok
[2026-07-03T14:42:46] converted   2.2% 137ca42b-33b3-48fa-ae80-02a0747027cb (171.1 MiB, 1.5s) ok
[2026-07-03T14:42:47] converted   2.3% 12c3efd8-d515-42e6-b93c-4961e599d524 (339.1 MiB, 2.7s) ok
[2026-07-03T14:42:47] converted   2.3% 13b61a7d-5605-4948-ba48-02c588960143 (286.2 MiB, 2.4s) ok
[2026-07-03T14:42:47] converted   2.3% 14363b6e-3428-45b0-8704-10fd5d6316df (103.8 MiB, 1.0s) ok
[2026-07-03T14:42:47] converted   2.3% 149b2c3f-ee11-47a7-984b-923570280bd7 (29.5 MiB, 0.2s) ok
[2026-07-03T14:42:51] converted   2.4% 11ff73e8-d3e4-4445-9309-477a2c5be6f6 (933.4 MiB, 7.2s) ok
[2026-07-03T14:42:53] converted   2.4% 145dcf6a-2461-4fa3-a0af-7fc56db0bd33 (947.6 MiB, 6.4s) ok
[2026-07-03T14:42:54] converted   2.5% 171b03c9-516b-499c-a434-fa4f70191988 (671.8 MiB, 2.9s) ok
[2026-07-03T14:42:56] converted   2.5% 182f6a56-7360-4924-a74e-1772e07b3031 (264.5 MiB, 2.0s) ok
[2026-07-03T14:42:56] converted   2.5% 17e9d436-a264-4c94-a42d-48c8daf6fdd9 (576.2 MiB, 3.1s) ok
[2026-07-03T14:42:56] converted   2.6% 15d374d6-0dfd-4d8e-ade7-81f73dc921ee (1456.5 MiB, 9.2s) ok
[2026-07-03T14:42:58] converted   2.6% 18500fcd-9960-49cb-8a8e-7d868dc14efe (305.7 MiB, 2.0s) ok
[2026-07-03T14:43:05] converted   2.9% 0c0c49a2-b96b-432f-98a4-1decf9929149 (4077.5 MiB, 38.7s) ok
[2026-07-03T14:43:07] converted   2.9% 19b21f40-db42-4a71-a0d6-913e83b17784 (294.1 MiB, 2.2s) ok
[2026-07-03T14:43:07] converted   3.1% 1873a18a-66fd-4a4d-8277-a872c93f5b59 (1722.6 MiB, 10.5s) ok
[2026-07-03T14:43:10] converted   3.1% 19e46756-9100-4e01-8b0e-23b557558a4c (388.6 MiB, 3.3s) ok
[2026-07-03T14:43:11] converted   3.1% 1a018108-b4b6-457b-ba15-046d5e98c169 (91.4 MiB, 0.7s) ok
[2026-07-03T14:43:17] converted   3.2% 19f1bec6-eeb7-4133-accc-992d745fef89 (1205.5 MiB, 9.7s) ok
[2026-07-03T14:43:18] converted   3.3% 1a2e3350-28a8-4f49-b33c-5b67ceb001f6 (1454.2 MiB, 7.0s) ok
[2026-07-03T14:43:21] converted   3.6% 16023185-de21-4c0d-a9c8-73abdd52d142 (4411.7 MiB, 33.1s) ok
[2026-07-03T14:43:22] converted   3.8% 18e2a8c5-33f7-455e-a58a-b2ba6921db27 (2994.0 MiB, 25.1s) ok
[2026-07-03T14:43:25] converted   3.9% 1a974af7-8b4b-4abb-8aba-23e2979d9518 (1600.3 MiB, 6.9s) ok
[2026-07-03T14:43:32] converted   4.0% 1ab4ebbc-18d6-4838-89c2-cdc5b10accfb (1373.2 MiB, 10.8s) ok
[2026-07-03T14:43:34] converted   4.7% 0ba636a1-4754-4786-a8be-7ab3cf760fd6 (9548.4 MiB, 72.0s) ok
[2026-07-03T14:43:35] converted   4.7% 1b767f95-d0a0-4a3d-b394-cc665d86c3dc (302.5 MiB, 2.2s) ok
[2026-07-03T14:43:51] converted   4.9% 1c53ef1e-45c7-4498-be59-6797f3950875 (3210.7 MiB, 16.3s) ok
[2026-07-03T14:44:02] converted   6.3% 0129dbd9-a7d3-4f6b-96b9-1da155a93748 (21018.7 MiB, 113.9s) ok
[2026-07-03T14:44:02] converted   7.0% 13149914-ea03-4f01-8bf6-b793b667127b (9620.0 MiB, 77.8s) ok
[2026-07-03T14:44:03] converted   7.3% 1b9d8702-5af8-4142-85ed-020eb06ec4f6 (3499.3 MiB, 29.5s) ok
[2026-07-03T14:44:04] converted   7.3% 1cf24082-59de-4029-ac81-6e398768af3a (277.6 MiB, 2.2s) ok
[2026-07-03T14:44:05] converted   7.3% 1e4214ce-7347-4ec7-97b3-fcf7c1938e8b (264.1 MiB, 1.3s) ok
[2026-07-03T14:44:07] converted   7.3% 1e5bd3b8-6a0e-4959-8d69-cafed30fe814 (382.1 MiB, 3.2s) ok
[2026-07-03T14:44:07] converted   7.5% 1c739a3e-c3f5-49d5-98e0-73975e751201 (2053.1 MiB, 16.6s) ok
[2026-07-03T14:44:08] converted   7.5% 1f1c5c14-5949-4c81-b28e-b272e271b672 (110.5 MiB, 1.1s) ok
[2026-07-03T14:44:08] converted   7.9% 1a38e762-2465-418f-b81c-6a4bce261c34 (6679.2 MiB, 51.6s) ok
[2026-07-03T14:44:13] converted   8.0% 203025fe-fa99-4d57-81da-458ed8f0c334 (680.5 MiB, 4.6s) ok
[2026-07-03T14:44:16] converted   8.1% 21722308-5091-4b63-9c07-4f116ab9a7b3 (1202.1 MiB, 8.1s) ok
[2026-07-03T14:44:17] converted   8.2% 1d89d081-f43d-401a-be76-bd6ef9259f4e (2089.9 MiB, 14.6s) ok
[2026-07-03T14:44:18] converted   8.2% 22658f4f-9268-41ad-8828-cc53f4baa9fa (127.9 MiB, 1.0s) ok
[2026-07-03T14:44:21] converted   8.2% 234c23d0-d6cd-4612-a40d-e5811727564b (476.3 MiB, 2.8s) ok
[2026-07-03T14:44:27] converted   8.8% 1a9f3b38-b86d-416d-bbdc-9058ad3ff42d (8473.5 MiB, 65.9s) ok
[2026-07-03T14:44:27] converted   8.8% 248cf7bf-508b-4c28-a2fd-cabe2ab956aa (71.7 MiB, 0.7s) ok
[2026-07-03T14:44:30] converted   8.9% 242c6e7f-9016-4048-af70-d631f5eea188 (1161.6 MiB, 9.3s) ok
[2026-07-03T14:44:33] converted   9.1% 21d3e683-80a4-4d9b-bc89-ebb2df513dde (1997.4 MiB, 16.4s) ok
[2026-07-03T14:44:33] converted   9.1% 251b1a7e-d050-4486-8d50-4c2619eb0f46 (918.3 MiB, 5.9s) ok
[2026-07-03T14:44:33] converted   9.1% 2672b679-8048-4f5e-9786-f1b196ccfd08 (376.3 MiB, 3.3s) ok
[2026-07-03T14:44:33] converted   9.1% 2727d83a-0af0-443a-bff8-58dc7028289a (96.4 MiB, 0.7s) ok
[2026-07-03T14:44:34] converted   9.2% 27d3952f-fbbc-497d-98d1-f37f3d555235 (165.5 MiB, 1.1s) ok
[2026-07-03T14:44:35] converted   9.2% 2856d06c-0ff9-4e01-bfc9-202b74d0b60f (236.4 MiB, 1.6s) ok
[2026-07-03T14:44:37] converted   9.2% 27d91086-cfe3-4e33-9282-bd1246e5ce8e (446.9 MiB, 3.2s) ok
[2026-07-03T14:44:37] converted   9.2% 2872f4b0-b171-46e2-abc6-befcf6de6306 (319.2 MiB, 2.8s) ok
[2026-07-03T14:44:38] converted   9.2% 2a65bd41-4a3f-42f4-98b2-c53962811152 (98.0 MiB, 0.9s) ok
[2026-07-03T14:44:39] converted   9.2% 2a8ca8f3-5599-4cda-b973-3a2dfc3c1fe6 (128.6 MiB, 0.9s) ok
[2026-07-03T14:44:39] converted   9.8% 1fc48734-35ee-4372-885c-95fd2674c75a (7464.9 MiB, 31.8s) ok
[2026-07-03T14:44:45] converted   9.9% 29244e1d-02e6-4133-b411-516ef7474638 (1644.9 MiB, 9.7s) ok
[2026-07-03T14:44:46] converted  10.8% 19053a82-9c89-4fb8-bd19-d7b1800b0b7b (13115.7 MiB, 108.7s) ok
[2026-07-03T14:44:47] converted  10.8% 2dc198e1-e0a6-4e88-b7a3-4b66be7e4a4a (106.0 MiB, 1.0s) ok
[2026-07-03T14:44:49] converted  10.8% 2dd9d7a2-4bee-4c3f-a1f5-89bc3271c4f0 (220.4 MiB, 1.8s) ok
[2026-07-03T14:44:51] converted  10.9% 2adb1f8a-a6b1-4909-8ee8-484814e2d4bf (1383.7 MiB, 12.2s) ok
[2026-07-03T14:44:53] converted  10.9% 2e9d2f32-4cfb-49b5-b990-cbf4c241214e (582.1 MiB, 3.4s) ok
[2026-07-03T14:44:54] converted  11.0% 2f05ab20-a092-4bab-9276-3e0eb24e3fee (510.3 MiB, 2.7s) ok
[2026-07-03T14:44:54] converted  11.0% 2f6a20f1-173d-4b8d-860b-c47ffea120fa (16.7 MiB, 0.3s) ok
[2026-07-03T14:44:55] converted  11.0% 2f7230e7-4706-4924-b571-473fc1e52c30 (74.4 MiB, 0.7s) ok
[2026-07-03T14:44:55] converted  11.2% 2a498ace-872a-4935-984b-1afa70fd9886 (3728.8 MiB, 18.9s) ok
[2026-07-03T14:44:56] converted  11.3% 2f132ec9-24b5-422f-9be0-ccef03b4fe28 (366.6 MiB, 3.0s) ok
[2026-07-03T14:45:03] converted  11.4% 2c820d53-cbd7-4e0a-be7a-a0ad1989a98f (2555.6 MiB, 17.9s) ok
[2026-07-03T14:45:03] converted  11.4% 30f5e171-83d7-4fc0-bf75-384f122346b3 (102.7 MiB, 0.6s) ok
[2026-07-03T14:45:04] converted  11.5% 30cd5311-6c09-46c9-94f1-71fe4b91813c (1126.8 MiB, 8.2s) ok
[2026-07-03T14:45:04] converted  12.2% 218acb0f-9f2f-4f76-b90b-15a4b7c7f629 (9979.7 MiB, 51.7s) ok
[2026-07-03T14:45:05] converted  12.3% 30c2a6fd-d547-460f-a5e7-44c62a2af7ad (1146.8 MiB, 9.4s) ok
[2026-07-03T14:45:05] converted  12.5% 3079e9b0-c6db-45c8-b998-a4555a73968e (2440.4 MiB, 9.7s) ok
[2026-07-03T14:45:06] converted  12.5% 31285bcd-9a28-48ce-8cc0-543af80261d3 (827.1 MiB, 3.1s) ok
[2026-07-03T14:45:07] converted  12.5% 31f04740-c712-4c4b-a3f8-55c0506b3034 (367.3 MiB, 2.9s) ok
[2026-07-03T14:45:08] converted  13.0% 2ac76f1b-43ef-4271-8686-2f165570989f (6331.9 MiB, 28.6s) ok
[2026-07-03T14:45:08] converted  13.0% 3241c34f-581a-4de3-81fe-28e3de182680 (163.0 MiB, 1.5s) ok
[2026-07-03T14:45:09] converted  13.0% 343ff97c-85df-494b-8400-beb937618611 (138.0 MiB, 0.9s) ok
[2026-07-03T14:45:09] converted  13.0% 322c816f-608a-4da1-99c4-36ca4ad45146 (472.6 MiB, 4.0s) ok
[2026-07-03T14:45:11] converted  13.1% 31f657dc-1875-4c4b-a5ca-ce63b3ef3a82 (1026.9 MiB, 6.6s) ok
[2026-07-03T14:45:13] converted  13.1% 35c8a04c-8639-4d15-8228-765d8d93fc96 (141.5 MiB, 1.1s) ok
[2026-07-03T14:45:13] converted  13.1% 364348b4-bc34-4fe1-a851-60d99e36cafa (89.4 MiB, 0.7s) ok
[2026-07-03T14:45:17] converted  13.2% 314ab602-8c17-449d-bcc6-ec9e79a6cf18 (1830.6 MiB, 13.2s) ok
[2026-07-03T14:45:19] converted  13.3% 367b55f4-d543-49aa-90e8-4765fcb8c687 (257.3 MiB, 1.7s) ok
[2026-07-03T14:45:20] converted  14.2% 1b350d0a-4535-4879-beb6-1142f3f94947 (13992.0 MiB, 115.6s) ok
[2026-07-03T14:45:20] converted  14.4% 34229bdc-a895-4394-8820-574e4028d8c6 (2995.6 MiB, 12.8s) ok
[2026-07-03T14:45:21] converted  14.5% 3294d050-6eeb-4a00-b24c-71aacc9b777f (1095.0 MiB, 13.4s) ok
[2026-07-03T14:45:21] converted  14.5% 381aa407-317a-40ef-8048-7ce0eacc4266 (137.7 MiB, 1.1s) ok
[2026-07-03T14:45:22] converted  14.5% 38a78e91-e361-45c8-bae3-1d6d5108d18e (240.9 MiB, 1.7s) ok
[2026-07-03T14:45:23] converted  14.6% 390b376d-8857-4b4b-991f-0d7326938172 (339.7 MiB, 1.6s) ok
[2026-07-03T14:45:24] converted  14.6% 39ed7d98-676d-4b8d-9d0a-0f3b60914ead (178.9 MiB, 1.4s) ok
[2026-07-03T14:45:27] converted  14.6% 3a702020-cf66-4ef5-9d11-4a5e835b7efb (384.8 MiB, 3.0s) ok
[2026-07-03T14:45:28] converted  14.7% 37b21763-7f0f-41ae-9001-60bad6e2841d (996.9 MiB, 7.6s) ok
[2026-07-03T14:45:33] converted  14.7% 3a8aec06-3309-4d37-b75d-c59f5f6d55a6 (665.0 MiB, 5.8s) ok
[2026-07-03T14:45:37] converted  14.8% 3bfd5174-5b49-4e58-b233-ed0f4edd0bec (715.7 MiB, 3.8s) ok
[2026-07-03T14:45:44] converted  14.9% 3b8b5de4-3aa1-4ac6-8890-8d03c8219981 (2325.0 MiB, 16.5s) ok
[2026-07-03T14:45:46] converted  15.2% 34f5307e-7b4d-4a48-b68f-2ba844c6414b (4457.4 MiB, 37.4s) ok
[2026-07-03T14:45:50] converted  15.6% 3966ba97-beb8-4d0b-9954-d3775cd2cd61 (5388.9 MiB, 27.2s) ok
[2026-07-03T14:45:51] converted  16.1% 364bd0c7-f7fd-48ed-99c1-ae26872b1042 (6516.7 MiB, 38.0s) ok
[2026-07-03T14:45:52] converted  16.1% 3c75a463-6a87-4132-83a8-c3002624394d (840.7 MiB, 6.2s) ok
[2026-07-03T14:45:56] converted  16.1% 3de0ad6d-4378-4f62-b37b-ec0b75a50d94 (373.8 MiB, 3.3s) ok
[2026-07-03T14:45:59] converted  16.2% 3e524d45-2265-4440-b903-3c30d51a0b17 (462.4 MiB, 3.6s) ok
[2026-07-03T14:45:59] converted  16.4% 3c361813-5d5e-4868-bfe5-e7591e7b5381 (2707.3 MiB, 22.3s) ok
[2026-07-03T14:46:00] converted  16.4% 3dc61ca1-ce40-46b6-8337-f27260fd9a03 (1077.8 MiB, 8.4s) ok
[2026-07-03T14:46:00] converted  16.4% 3e55180c-780a-4424-9434-5296640ffc0d (55.6 MiB, 0.5s) ok
[2026-07-03T14:46:02] converted  16.5% 3f56901c-dd4a-47d6-b60b-7b0c0111cfb2 (301.2 MiB, 2.2s) ok
[2026-07-03T14:46:02] converted  16.5% 3f31f8ce-bbf6-4df8-8203-aa240ed03026 (354.2 MiB, 2.5s) ok
[2026-07-03T14:46:06] converted  16.5% 3f6ab2aa-6c63-4753-b652-3a9b9e7c8ee5 (743.2 MiB, 3.8s) ok
[2026-07-03T14:46:12] converted  17.1% 350237e0-9f48-4cbd-9140-3b44495549f3 (8463.6 MiB, 63.3s) ok
[2026-07-03T14:46:15] converted  17.1% 40318d39-3d8f-49f4-8455-a2e1365c5c5b (322.2 MiB, 2.5s) ok
[2026-07-03T14:46:15] converted  17.2% 3f32121d-126b-4e8d-9f69-d86502d2a1b1 (1012.7 MiB, 15.6s) ok
[2026-07-03T14:46:16] converted  17.2% 40569510-2282-461b-84df-6218ef208e0e (138.7 MiB, 1.1s) ok
[2026-07-03T14:46:18] converted  17.3% 4023a2bc-6325-47db-bfdf-9639e91042c2 (1495.4 MiB, 11.9s) ok
[2026-07-03T14:46:19] converted  17.6% 3faad104-2ab8-4434-816d-474d8d2641db (3673.1 MiB, 17.0s) ok
[2026-07-03T14:46:21] converted  17.6% 421e5f54-5de7-425f-b399-34ead0651ce1 (403.9 MiB, 3.2s) ok
[2026-07-03T14:46:21] converted  17.6% 4057e00c-0678-454a-90e4-b341a162d007 (661.6 MiB, 5.7s) ok
[2026-07-03T14:46:22] converted  18.8% 1e6a6ef9-7ec9-4c90-bbfb-2ad3c3165fd1 (17195.6 MiB, 137.4s) ok
[2026-07-03T14:46:22] converted  18.8% 42b6a476-c51d-4f8b-b68b-44941b3a11bf (133.9 MiB, 1.3s) ok
[2026-07-03T14:46:24] converted  18.9% 4319097a-acae-4124-beed-d1173ffe1464 (615.3 MiB, 3.5s) ok
[2026-07-03T14:46:25] converted  19.2% 3cb646ab-d411-4e5b-89eb-082a786c953b (4086.3 MiB, 35.2s) ok
[2026-07-03T14:46:25] converted  19.2% 43560d7c-acd6-4ede-830d-c9ffc6cd0862 (134.9 MiB, 1.0s) ok
[2026-07-03T14:46:26] converted  19.2% 432f3af5-6a79-401f-b315-fb2df789f32c (769.1 MiB, 4.1s) ok
[2026-07-03T14:46:27] converted  19.3% 43a1506b-aa9e-46a3-b288-d210f4595ddf (311.8 MiB, 2.7s) ok
[2026-07-03T14:46:28] converted  19.3% 43b7e156-65b3-4a7b-8c7a-08528e4b21d0 (339.8 MiB, 2.5s) ok
[2026-07-03T14:46:29] converted  19.4% 429d21fd-bb9a-4abf-922b-c15138524bdd (1296.0 MiB, 10.1s) ok
[2026-07-03T14:46:29] converted  19.4% 43dc52cb-92eb-4256-b3a8-5ef220b3d292 (404.9 MiB, 2.9s) ok
[2026-07-03T14:46:30] converted  19.4% 44882825-0da1-4547-b721-2c6105d4a9d1 (282.6 MiB, 2.3s) ok
[2026-07-03T14:46:31] converted  19.4% 456e8b9b-f872-488b-871d-94534090a865 (204.8 MiB, 1.8s) ok
[2026-07-03T14:46:31] converted  19.5% 4593c820-512d-4805-a10f-c0b864a7cc8c (323.4 MiB, 2.4s) ok
[2026-07-03T14:46:32] converted  19.5% 460dfe21-0550-4521-92fe-db0f3036d8b0 (221.7 MiB, 1.8s) ok
[2026-07-03T14:46:32] converted  19.5% 470565f2-5afc-456a-b617-18e4496c04fd (24.7 MiB, 0.3s) ok
[2026-07-03T14:46:34] converted  19.5% 46ff9dc2-3d87-4b36-91aa-ffa8aa13c52e (366.0 MiB, 2.7s) ok
[2026-07-03T14:46:34] converted  19.5% 471647b3-04fe-4c76-8372-3264feb950e8 (497.8 MiB, 2.6s) ok
[2026-07-03T14:46:35] converted  19.5% 4859642c-d155-437b-adf5-83ca6c1bef67 (46.9 MiB, 0.3s) ok
[2026-07-03T14:46:36] converted  19.5% 489318a0-24c3-4f5c-b105-f084ed0ea026 (139.6 MiB, 1.2s) ok
[2026-07-03T14:46:36] converted  19.6% 4724c395-0c46-46d2-81f7-60fd271fb488 (257.3 MiB, 1.9s) ok
[2026-07-03T14:46:37] converted  19.6% 492d9f77-c4c8-485d-92d7-7686fe6c8482 (92.2 MiB, 0.9s) ok
[2026-07-03T14:46:37] converted  19.6% 4993d61c-1d04-4630-9c61-8d9431f39adc (15.1 MiB, 0.2s) ok
[2026-07-03T14:46:38] converted  19.6% 4976b234-9028-4b4b-8a2f-8ac59d636219 (322.1 MiB, 2.3s) ok
[2026-07-03T14:46:38] converted  19.7% 43245158-5ae1-4e71-a9a6-67eef49c26bc (2171.3 MiB, 16.5s) ok
[2026-07-03T14:46:39] converted  19.7% 4a90bbba-df97-4a28-83ae-7386fe7d9167 (89.7 MiB, 0.9s) ok
[2026-07-03T14:46:40] converted  19.8% 4b83f213-b96b-4c87-a884-9b81faddb194 (83.9 MiB, 0.7s) ok
[2026-07-03T14:46:41] converted  19.8% 4b6af54a-4a21-46e0-bc8d-673c0561a836 (293.7 MiB, 2.5s) ok
[2026-07-03T14:46:41] converted  19.8% 4c6f9f26-5470-455b-8933-c408232fbf56 (44.6 MiB, 0.5s) ok
[2026-07-03T14:46:42] converted  19.8% 4ce8d8ec-b94c-4b79-afcb-b094336d8a78 (77.9 MiB, 0.6s) ok
[2026-07-03T14:46:44] converted  19.8% 4d43082e-59cd-43ac-b77d-54d55519c881 (219.4 MiB, 1.6s) ok
[2026-07-03T14:46:44] converted  19.8% 4dd1cd23-fc4d-4fd1-9709-602540f3ca6f (81.0 MiB, 0.6s) ok
[2026-07-03T14:46:46] converted  19.9% 4a5b00e0-1ba3-4fd4-af89-d3512eb20720 (1294.4 MiB, 9.2s) ok
[2026-07-03T14:46:49] converted  19.9% 4e6eb9d1-5de7-43ac-b931-21995be65c10 (344.1 MiB, 2.9s) ok
[2026-07-03T14:46:50] converted  19.9% 4e74d843-8d7a-497a-918a-f079ef141b6d (71.2 MiB, 0.8s) ok
[2026-07-03T14:46:51] converted  20.0% 4e374783-0152-423e-bcb6-b87cc232f64d (1735.0 MiB, 7.0s) ok
[2026-07-03T14:46:52] converted  20.0% 50eb1e23-b8d4-4f76-a184-44e5541fa05a (48.6 MiB, 0.5s) ok
[2026-07-03T14:46:54] converted  20.2% 4b9e0a15-c006-45d9-860f-b8a43ccf7d9d (2836.9 MiB, 14.3s) ok
[2026-07-03T14:46:57] converted  20.3% 51d9716c-50bb-4fd8-8d1e-7d9329969cb7 (339.5 MiB, 2.6s) ok
[2026-07-03T14:46:57] converted  20.3% 518d9049-2a76-44f8-8abc-1e2b59ab5ba1 (610.4 MiB, 5.1s) ok
[2026-07-03T14:46:57] converted  21.0% 3c364ffe-d599-44d5-a77f-6c5fd7038cf6 (10165.2 MiB, 72.7s) ok
[2026-07-03T14:46:57] converted  21.0% 51f476f7-b24d-42f3-8871-7dab3fa35e96 (46.4 MiB, 0.6s) ok
[2026-07-03T14:46:58] converted  21.1% 4ed927e9-c099-49af-b8ce-a2652d069333 (1298.9 MiB, 7.8s) ok
[2026-07-03T14:46:59] converted  21.1% 527641f0-df64-4c80-957c-a65dccd477bc (447.9 MiB, 2.3s) ok
[2026-07-03T14:47:00] converted  21.2% 529bb209-9d7b-44da-bfa4-f6e4745c46c2 (361.5 MiB, 2.5s) ok
[2026-07-03T14:47:00] converted  21.2% 52f18bc3-52d9-487b-bf8f-f0b7aa684b09 (310.9 MiB, 2.2s) ok
[2026-07-03T14:47:02] converted  21.2% 52ea546e-9229-40ef-b048-a2e694dd73e8 (573.7 MiB, 4.2s) ok
[2026-07-03T14:47:03] converted  21.2% 53ce2631-3646-4172-bbd9-38b0a44d8214 (390.7 MiB, 3.5s) ok
[2026-07-03T14:47:07] converted  21.6% 420d0f5d-b7ba-4b1e-88d0-44e9f733febd (5398.4 MiB, 51.1s) ok
[2026-07-03T14:47:07] converted  21.6% 5500c673-1610-40a0-86d9-64d987ae50e6 (468.0 MiB, 4.0s) ok
[2026-07-03T14:47:09] converted  21.7% 55ca4411-8c7d-4aef-a572-50852e030c05 (226.9 MiB, 1.9s) ok
[2026-07-03T14:47:11] converted  21.8% 535e9336-2d8d-43c3-944d-bcbebe20df8a (1409.4 MiB, 11.9s) ok
[2026-07-03T14:47:17] converted  21.8% 574e9f9e-f8b4-41ef-bf19-89a9964fd9c7 (1283.9 MiB, 6.4s) ok
[2026-07-03T14:47:18] converted  21.9% 56a4bc14-9407-45fd-8786-f7f6fc87c9dd (1396.8 MiB, 10.7s) ok
[2026-07-03T14:47:24] converted  22.0% 5829c7ba-697f-418e-8b98-d605b192dc48 (837.5 MiB, 6.1s) ok
[2026-07-03T14:47:26] converted  22.5% 4568ebb2-468c-4381-9ce7-81cd97abcd22 (7108.6 MiB, 58.3s) ok
[2026-07-03T14:47:29] converted  22.5% 589fe605-6d49-4abe-bff8-1675511c689a (738.5 MiB, 5.6s) ok
[2026-07-03T14:47:30] converted  22.7% 576f193c-75d0-4a11-bd25-8676587e6dc2 (1652.0 MiB, 12.7s) ok
[2026-07-03T14:47:31] converted  22.7% 595c9010-99ec-462d-b6a1-2b2fe5407871 (268.1 MiB, 1.5s) ok
[2026-07-03T14:47:32] converted  22.7% 58f43044-cd3c-42b8-bc0b-3498eb236359 (756.4 MiB, 5.5s) ok
[2026-07-03T14:47:33] converted  22.7% 5a73f63f-18a2-49b5-b431-2c469c41a41b (229.0 MiB, 1.7s) ok
[2026-07-03T14:47:34] converted  22.8% 59632ec0-6f10-48c6-af79-81024e84843e (638.1 MiB, 3.7s) ok
[2026-07-03T14:47:36] converted  22.8% 59b69042-47c2-47fd-ad03-d21beb99818f (578.9 MiB, 4.7s) ok
[2026-07-03T14:47:37] converted  22.8% 5b25a46f-f1cf-4caa-9e10-6ab81dfe9174 (119.9 MiB, 1.2s) ok
[2026-07-03T14:47:45] converted  23.4% 46104f0b-9af5-466a-ae0f-56b8dc1969a2 (7981.3 MiB, 74.3s) ok
[2026-07-03T14:47:47] converted  23.5% 5a9cfb44-494a-4540-8db8-7143b1bb5a6f (1968.0 MiB, 14.0s) ok
[2026-07-03T14:47:47] converted  23.5% 5bc23cb2-8cfc-4960-bab1-c3027fbeefc4 (300.3 MiB, 2.1s) ok
[2026-07-03T14:47:48] converted  23.7% 5af90777-6760-4003-9dba-8f945fec6fdf (1789.5 MiB, 14.4s) ok
[2026-07-03T14:47:50] converted  23.7% 5cdbb2ea-c622-466d-9ead-7884ad8cb99f (133.0 MiB, 1.2s) ok
[2026-07-03T14:47:54] converted  23.7% 5bc42b88-bb76-4954-927b-8bb7369adc64 (972.2 MiB, 6.6s) ok
[2026-07-03T14:47:55] converted  23.8% 5ce42b38-d867-487f-9b40-e8bb00b21d0b (687.8 MiB, 5.9s) ok
[2026-07-03T14:47:58] converted  23.8% 5d3fc988-765d-48ba-bfb5-151ef2988cac (512.9 MiB, 3.9s) ok
[2026-07-03T14:47:59] converted  23.9% 5d4415d1-cfcd-4b43-b2b2-138b5afd68af (463.8 MiB, 3.6s) ok
[2026-07-03T14:48:01] converted  23.9% 5e5ab909-f73f-4b57-98a0-6d2c5662f6a4 (256.2 MiB, 1.9s) ok
[2026-07-03T14:48:08] converted  23.9% 5e717147-0f75-4de1-8bd2-6fda01b8d75f (824.0 MiB, 6.6s) ok
[2026-07-03T14:48:08] converted  23.9% 5e7fff82-b8eb-4220-bf65-c6feb6765ea1 (58.3 MiB, 0.4s) ok
[2026-07-03T14:48:09] converted  23.9% 5eb05c46-9d59-4971-8bcb-2660f74860b9 (62.8 MiB, 0.5s) ok
[2026-07-03T14:48:25] converted  24.4% 5b9b89d2-2e3e-4ad1-8965-666f64540fea (6507.4 MiB, 48.7s) ok
[2026-07-03T14:48:33] converted  24.6% 5ed90bc0-12f3-4354-b314-0ce0dbb96458 (3389.4 MiB, 24.3s) ok
[2026-07-03T14:48:33] converted  24.6% 601c7454-17ff-432c-8e0d-902bfddb8013 (32.3 MiB, 0.4s) ok
[2026-07-03T14:48:37] converted  25.0% 5e57cd50-8e42-42d6-940d-5c1660d06864 (4836.8 MiB, 39.6s) ok
[2026-07-03T14:48:39] converted  25.1% 60a29d0b-1a37-4447-ac32-00d701580b47 (1342.6 MiB, 5.8s) ok
[2026-07-03T14:48:52] converted  25.3% 5fde5c9c-5b1e-4df5-982a-3f8e7635161f (3798.6 MiB, 26.7s) ok
[2026-07-03T14:48:55] converted  25.3% 61af564d-e5ea-4d34-a0f3-2668a00db376 (399.7 MiB, 3.0s) ok
[2026-07-03T14:48:55] converted  25.3% 61d327d1-2227-4c5f-9367-e3559dc79b07 (10.6 MiB, 0.1s) ok
[2026-07-03T14:48:56] converted  25.3% 62de80d7-e6c4-4ff0-ad4c-d3d36f57cb93 (22.7 MiB, 0.3s) ok
[2026-07-03T14:48:58] converted  25.4% 639ffc23-14db-4060-9027-3c90314200f8 (340.6 MiB, 2.5s) ok
[2026-07-03T14:48:58] converted  25.7% 60acb72d-4935-4bb2-80b4-3700a6a527f8 (4354.3 MiB, 21.1s) ok
[2026-07-03T14:48:59] converted  26.6% 56c4912d-2bae-4b64-98f2-af8a84389208 (12998.6 MiB, 110.5s) ok
[2026-07-03T14:49:00] converted  26.8% 612b7bff-4460-421e-917a-fe60e3d96580 (2675.7 MiB, 21.0s) ok
[2026-07-03T14:49:00] converted  26.8% 64767efb-49b0-4562-a1bd-e619a5d9db41 (156.3 MiB, 1.2s) ok
[2026-07-03T14:49:02] converted  26.8% 644a578d-ffdc-446b-9679-e7ab4c919c13 (432.2 MiB, 3.6s) ok
[2026-07-03T14:49:02] converted  26.8% 64f4ad90-a422-400a-944d-4ce0f39594a7 (272.3 MiB, 2.0s) ok
[2026-07-03T14:49:03] converted  26.8% 670a9f65-363c-4bb1-a942-bf6d1edea179 (68.0 MiB, 0.6s) ok
[2026-07-03T14:49:13] converted  28.7% 37a17b78-4864-4a42-b67b-31c00962795a (27718.1 MiB, 234.3s) ok
[2026-07-03T14:49:15] converted  28.7% 68b6114f-e990-4033-bfb3-c35536633aaa (221.0 MiB, 1.8s) ok
[2026-07-03T14:49:16] converted  28.8% 6929d6d1-6f81-44d7-bd35-5a580259af81 (161.1 MiB, 0.8s) ok
[2026-07-03T14:49:20] converted  28.9% 64267fb5-7b70-4705-a13b-cc38966c22a8 (2670.6 MiB, 21.5s) ok
[2026-07-03T14:49:20] converted  29.0% 6a270451-b4d9-43e0-aa89-e33aac1ac74b (857.3 MiB, 4.2s) ok
[2026-07-03T14:49:20] converted  29.0% 6ba45a2b-0a29-454f-a580-41b0e540c06b (75.3 MiB, 0.7s) ok
[2026-07-03T14:49:21] converted  29.0% 6c600df6-ddca-4628-a8bb-1d6de1e3f9b4 (183.8 MiB, 1.2s) ok
[2026-07-03T14:49:22] converted  29.8% 5c97eeeb-7e52-44b3-b010-b832b1f5424c (10888.6 MiB, 94.6s) ok
[2026-07-03T14:49:25] converted  29.8% 6ceeaa86-9ceb-4582-b390-6d4dd6ff0572 (318.1 MiB, 2.8s) ok
[2026-07-03T14:49:25] converted  29.8% 6cda3b13-7257-45b9-ac20-0a7e6697e4f2 (477.2 MiB, 3.9s) ok
[2026-07-03T14:49:25] converted  29.8% 6e00ccf7-0749-46ef-a999-dba785630d52 (49.5 MiB, 0.5s) ok
[2026-07-03T14:49:26] converted  29.8% 6cf3634d-e911-44ad-bf52-c747a9af3c01 (192.2 MiB, 1.7s) ok
[2026-07-03T14:49:28] converted  29.9% 6ed0bb6c-a9e3-4ba6-9436-7c8fd4e206f0 (387.9 MiB, 2.8s) ok
[2026-07-03T14:49:34] converted  30.0% 6c87755e-a671-41a8-9c7e-4e43b850a57b (1697.3 MiB, 13.8s) ok
[2026-07-03T14:49:34] converted  30.0% 6fc37633-13f5-4bf0-af95-52808143bffd (16.2 MiB, 0.2s) ok
[2026-07-03T14:49:36] converted  30.0% 70e4f35b-c98c-45a1-9aa9-2053b07315dd (295.3 MiB, 2.2s) ok
[2026-07-03T14:49:39] converted  30.0% 715327a6-7978-4896-ba91-69d6b04dbbfb (320.7 MiB, 2.3s) ok
[2026-07-03T14:49:54] converted  30.5% 67b6b9ac-b841-42ce-b2d4-ed2ec12327bd (7275.6 MiB, 51.9s) ok
[2026-07-03T14:49:57] converted  30.6% 7178ec0a-b0e2-45b1-beb0-879bb69d81e9 (325.5 MiB, 2.7s) ok
[2026-07-03T14:49:58] converted  31.1% 65badd7a-9262-4fd1-9ce2-eb5dc0ca8039 (7408.4 MiB, 57.2s) ok
[2026-07-03T14:49:59] converted  31.1% 72822932-10f6-466f-baf3-a2c1d89364bc (306.6 MiB, 1.7s) ok
[2026-07-03T14:49:59] converted  31.1% 731e6380-879f-4b0b-9a1f-2150208852ef (31.3 MiB, 0.4s) ok
[2026-07-03T14:50:00] converted  31.1% 73b7d0aa-035f-4a15-9f1d-f56b70204591 (55.9 MiB, 0.6s) ok
[2026-07-03T14:50:01] converted  31.3% 716a4acc-919e-4326-9672-ebe06ede84e6 (3073.9 MiB, 22.4s) ok
[2026-07-03T14:50:05] converted  31.7% 6f9de485-58cd-4342-bfc4-b3d3dd223aa8 (5066.9 MiB, 36.9s) ok
[2026-07-03T14:50:08] converted  33.2% 55003f67-c494-46f1-83fb-902745646379 (22237.1 MiB, 186.1s) ok
[2026-07-03T14:50:13] converted  33.3% 75011e96-ba37-4977-a539-fbf9f66a5e37 (1099.8 MiB, 8.3s) ok
[2026-07-03T14:50:14] converted  33.3% 76af615b-12fe-4ebb-b8c6-239ad29e26e3 (84.5 MiB, 0.6s) ok
[2026-07-03T14:50:15] converted  33.3% 77044335-0ac5-4406-9b3f-8cdd3656d67b (93.1 MiB, 0.8s) ok
[2026-07-03T14:50:18] converted  33.3% 77c1c785-809f-4065-8c54-6a0170783256 (390.3 MiB, 3.1s) ok
[2026-07-03T14:50:20] converted  33.3% 781cc817-3fd0-487c-a55a-b47b2786a05d (211.7 MiB, 1.8s) ok
[2026-07-03T14:50:21] converted  33.4% 76150f40-1989-4977-9e23-696e72d59d9e (1607.9 MiB, 13.4s) ok
[2026-07-03T14:50:22] converted  33.4% 78f40dd6-ed22-470d-8547-6fb5746c25da (126.9 MiB, 0.7s) ok
[2026-07-03T14:50:23] converted  33.5% 78c62d4e-abf1-405b-bb51-368720814529 (425.9 MiB, 3.5s) ok
[2026-07-03T14:50:23] converted  33.5% 7970bd6b-f752-47a9-8643-2af16855ec49 (185.9 MiB, 1.7s) ok
[2026-07-03T14:50:24] converted  33.7% 72955cdb-bd92-4135-aa52-21f33f9640db (3605.7 MiB, 26.0s) ok
[2026-07-03T14:50:24] converted  33.7% 79ef1959-a6b4-4cac-82ca-30feaec48df1 (58.6 MiB, 0.6s) ok
[2026-07-03T14:50:24] converted  33.7% 79884ae5-e026-4d4a-858f-e807960bd4f7 (193.7 MiB, 1.3s) ok
[2026-07-03T14:50:27] converted  33.8% 7b316f62-7fa0-4b95-bac9-e90866038a85 (402.7 MiB, 2.9s) ok
[2026-07-03T14:50:28] converted  33.8% 7b75b2c4-6d99-40be-9a61-391455d859e6 (59.4 MiB, 0.7s) ok
[2026-07-03T14:50:33] converted  34.1% 74cff64f-9da9-4b2a-9b3b-8a04a1598040 (4059.0 MiB, 32.0s) ok
[2026-07-03T14:50:35] converted  34.1% 7c1c3d47-3166-43e5-9a95-65ceb2d45f78 (314.4 MiB, 2.3s) ok
[2026-07-03T14:50:47] converted  34.3% 7b20c613-9add-43d1-87e9-defd3d9b9f8c (3270.5 MiB, 23.0s) ok
[2026-07-03T14:50:48] converted  34.3% 7cd3c321-e487-4b51-a8af-9bf671b59fe5 (183.7 MiB, 1.4s) ok
[2026-07-03T14:50:50] converted  34.5% 7bb64315-9e5a-41b9-9235-59acf9642a3e (2988.3 MiB, 22.1s) ok
[2026-07-03T14:50:50] converted  34.5% 7d98cc44-b090-4dc8-804f-2750c84fe9d7 (24.1 MiB, 0.3s) ok
[2026-07-03T14:50:50] converted  34.5% 7d3ab174-e433-40fc-a352-6fe71b1a19f9 (256.9 MiB, 1.9s) ok
[2026-07-03T14:50:53] converted  34.6% 7db0c178-b0a4-442f-ba54-e9e1633a84bb (452.6 MiB, 3.4s) ok
[2026-07-03T14:50:54] converted  34.6% 7e7f63c5-d964-40be-83de-ecbcccafd233 (436.7 MiB, 3.8s) ok
[2026-07-03T14:50:55] converted  34.6% 7ee4b15b-b543-4a8f-a602-ab0344729caf (249.6 MiB, 1.9s) ok
[2026-07-03T14:51:00] converted  34.7% 7f08cbcc-5790-4576-8478-10e9a999b316 (780.3 MiB, 6.7s) ok
[2026-07-03T14:51:05] converted  35.7% 6725ee8e-ef5b-4e68-8901-61bd14a1fe73 (14929.5 MiB, 122.7s) ok
[2026-07-03T14:51:05] converted  35.7% 8039c63d-08b0-4fc9-af0f-5b57f08ca0da (68.0 MiB, 0.6s) ok
[2026-07-03T14:51:21] converted  35.9% 8058d760-09e6-4bdd-86a1-36917ffca3ef (2024.4 MiB, 15.3s) ok
[2026-07-03T14:51:22] converted  36.6% 74014ef8-d2d0-4cbc-8ba2-037f30753ffd (11176.5 MiB, 82.0s) ok
[2026-07-03T14:51:23] converted  36.6% 80d7111d-f9fe-49fd-871e-6e618312c341 (64.9 MiB, 0.7s) ok
[2026-07-03T14:51:26] converted  36.7% 821a8e3e-87ec-41ee-bd69-cd4377057d38 (403.6 MiB, 3.3s) ok
[2026-07-03T14:51:31] converted  36.7% 82691839-6879-4810-90f3-67e953f328a3 (610.2 MiB, 4.8s) ok
[2026-07-03T14:51:37] converted  36.8% 829a3cd1-a466-49f1-b2e9-d3f6b7f392e2 (885.8 MiB, 6.1s) ok
[2026-07-03T14:51:38] converted  36.8% 82f6af6d-5313-439a-9936-5e844be49a70 (119.5 MiB, 1.0s) ok
[2026-07-03T14:51:43] converted  39.7% 53d208b0-2cfd-4366-9866-c3c6114081bc (43164.9 MiB, 283.6s) ok
[2026-07-03T14:51:44] converted  39.8% 835fa5c4-3278-4abd-b0bd-71d7f498b2dc (932.8 MiB, 6.5s) ok
[2026-07-03T14:51:45] converted  39.8% 84230ea4-998d-4aa8-8456-81dd54ce23af (57.3 MiB, 0.6s) ok
[2026-07-03T14:51:45] converted  39.8% 83caa705-a765-4f99-9bf2-1d8b01674104 (182.9 MiB, 1.5s) ok
[2026-07-03T14:51:46] converted  40.2% 80a2c5b6-02e7-4fc0-9f12-179f5247c1bc (4808.2 MiB, 25.0s) ok
[2026-07-03T14:51:46] converted  41.1% 7c497c66-c2e2-4291-8b96-339e5e65f314 (13253.3 MiB, 71.0s) ok
[2026-07-03T14:51:50] converted  41.1% 84cfa5aa-a0d1-415e-ac47-eb66c9cf8170 (918.1 MiB, 4.4s) ok
[2026-07-03T14:51:50] converted  41.1% 856c1b98-5727-49da-bf0f-151bdb8cb056 (42.0 MiB, 0.3s) ok
[2026-07-03T14:52:02] converted  41.2% 85c60876-7f35-40c5-a256-7808d84c6ba5 (1411.4 MiB, 11.4s) ok
[2026-07-03T14:52:03] converted  41.3% 8623d55f-d91c-41c2-ae68-ed2072fd268d (139.2 MiB, 1.4s) ok
[2026-07-03T14:52:04] converted  41.3% 86282760-5099-4c71-8cdd-412dcbbbd0b9 (186.6 MiB, 1.1s) ok
[2026-07-03T14:52:13] converted  42.7% 7b55fe5c-d5c8-48e0-a1a3-54c5b9074f3f (21024.3 MiB, 108.6s) ok
[2026-07-03T14:52:13] converted  43.0% 8560f809-5794-484e-9152-b63efa91d134 (3702.5 MiB, 26.7s) ok
[2026-07-03T14:52:15] converted  43.0% 867757c1-3b1a-49d9-a0cd-17767eb160cc (238.6 MiB, 1.9s) ok
[2026-07-03T14:52:16] converted  43.0% 87a06a2a-16c6-42f7-af1b-529fad431051 (337.0 MiB, 2.8s) ok
[2026-07-03T14:52:17] converted  43.3% 843c1459-e852-429c-9339-17b5760e7716 (4741.9 MiB, 31.6s) ok
[2026-07-03T14:52:17] converted  43.3% 881fe679-c6e0-45a3-9427-c4e81be6921f (73.2 MiB, 0.7s) ok
[2026-07-03T14:52:17] converted  43.3% 8a554710-08bc-4005-87cd-da9675bdc2e7 (24.9 MiB, 0.3s) ok
[2026-07-03T14:52:18] converted  43.4% 88a01d4a-5197-45be-b5ae-e019aef43376 (298.7 MiB, 1.9s) ok
[2026-07-03T14:52:20] converted  43.4% 8b2e5453-faf7-46ea-9073-aea69b283cb7 (293.6 MiB, 2.6s) ok
[2026-07-03T14:52:20] converted  43.5% 862a4311-5ab1-48cf-b517-db2c1bb9d531 (2120.4 MiB, 15.7s) ok
[2026-07-03T14:52:21] converted  43.6% 881e0e6b-a185-45f1-9b56-81606e91e7ff (826.0 MiB, 5.7s) ok
[2026-07-03T14:52:21] converted  43.6% 8d73847b-33e7-48f0-837f-e3e6579bf12d (130.9 MiB, 1.2s) ok
[2026-07-03T14:52:22] converted  43.6% 8dc29642-be06-46dc-a289-8075915745d4 (190.0 MiB, 1.7s) ok
[2026-07-03T14:52:23] converted  43.6% 8dc858b0-b076-4326-94bb-7c2d1cd721a3 (229.0 MiB, 2.0s) ok
[2026-07-03T14:52:24] converted  43.7% 8c42cfd0-0b0a-46d5-910c-fc833d83c45e (706.7 MiB, 5.5s) ok
[2026-07-03T14:52:24] converted  43.7% 8e47ed12-c658-4252-b126-381df8d52a3d (233.5 MiB, 2.0s) ok
[2026-07-03T14:52:26] converted  43.7% 8e5978bd-0e48-4a09-a92d-fa2985059f05 (418.7 MiB, 3.1s) ok
[2026-07-03T14:52:30] converted  43.8% 8f3e7fcf-0b16-4a29-a5f1-a7a8b267d689 (793.0 MiB, 6.1s) ok
[2026-07-03T14:52:37] converted  43.8% 8fbed309-d3d4-441b-b3ff-e2dcbcec2d35 (957.2 MiB, 6.4s) ok
[2026-07-03T14:52:38] converted  43.9% 8fcf0ccc-67b2-43a3-90be-075f85169bef (151.0 MiB, 1.3s) ok
[2026-07-03T14:52:40] converted  44.0% 8f4f8502-9170-4ac2-9707-3b6985ebfe5f (1579.8 MiB, 14.1s) ok
[2026-07-03T14:52:41] converted  44.0% 8ff0cef9-393e-43de-9722-a1e12c239727 (425.2 MiB, 2.4s) ok
[2026-07-03T14:52:42] converted  44.0% 900fdf13-150d-4695-9f8c-4c09105ba2eb (321.5 MiB, 2.3s) ok
[2026-07-03T14:52:43] converted  44.6% 842c6f5d-4a94-4eef-8510-8c792d1124bc (8014.5 MiB, 58.2s) ok
[2026-07-03T14:52:45] converted  44.6% 90d4a63b-5c02-43eb-acde-c49345681601 (758.2 MiB, 4.3s) ok
[2026-07-03T14:52:46] converted  44.6% 9133e1f5-3870-435b-871d-d8ea467e111e (412.8 MiB, 3.3s) ok
[2026-07-03T14:52:47] converted  46.1% 7f7faf6b-f11d-4f07-bc1c-188a4472748d (20731.5 MiB, 111.3s) ok
[2026-07-03T14:52:49] converted  46.1% 92161459-9103-4379-ae34-73a38eee1d1d (700.6 MiB, 4.7s) ok
[2026-07-03T14:52:51] converted  46.1% 93131426-0124-4ab4-a013-9dfbcd99d467 (238.2 MiB, 1.7s) ok
[2026-07-03T14:52:53] converted  46.2% 9372df2d-13d6-4fac-980b-919a5b7eb483 (235.0 MiB, 1.6s) ok
[2026-07-03T14:52:57] converted  46.3% 93091496-be48-4122-b945-9af9c22a7535 (2383.7 MiB, 10.2s) ok
[2026-07-03T14:52:58] converted  46.4% 92594117-6e7c-47bd-bd6b-65c52cea167b (1673.1 MiB, 12.5s) ok
[2026-07-03T14:53:00] converted  46.5% 944dedde-03e5-456d-996d-7250f7247b85 (372.2 MiB, 3.0s) ok
[2026-07-03T14:53:01] converted  46.5% 949ec7fc-ac54-47c9-bb6f-ee9e67688cce (380.5 MiB, 3.0s) ok
[2026-07-03T14:53:02] converted  46.5% 95d3b0fb-b8a7-4bec-a2e8-cded3222ff07 (64.1 MiB, 0.5s) ok
[2026-07-03T14:53:02] converted  46.7% 91f31e05-56d8-46fc-b408-d90c9228a81b (3606.4 MiB, 19.1s) ok
[2026-07-03T14:53:05] converted  47.2% 8d1dd010-5cbc-43fb-83f8-e0de8e8517da (6028.0 MiB, 45.6s) ok
[2026-07-03T14:53:06] converted  47.2% 94c41723-b2c4-4b59-a49a-64c9b851903e (751.8 MiB, 6.6s) ok
[2026-07-03T14:53:08] converted  47.3% 965386e9-1e4f-466d-bf59-ebdca4b66b9b (770.3 MiB, 6.2s) ok
[2026-07-03T14:53:12] converted  47.3% 96d4a4cd-db8e-4320-af10-a7d9418bc647 (620.6 MiB, 5.0s) ok
[2026-07-03T14:53:12] converted  47.4% 96baf2e0-60c5-48cf-b1d1-cba657851507 (825.3 MiB, 7.2s) ok
[2026-07-03T14:53:14] converted  47.4% 9813a1d4-d107-459e-9b2e-7687be935f69 (253.0 MiB, 2.2s) ok
[2026-07-03T14:53:16] converted  47.4% 98219f72-0f9a-4de9-a859-c81834f24ab1 (462.4 MiB, 3.8s) ok
[2026-07-03T14:53:20] converted  48.5% 7ff0197b-d175-49bf-b4fa-150fe0995d93 (15344.3 MiB, 139.7s) ok
[2026-07-03T14:53:23] converted  48.8% 93cb76aa-a84b-4a92-8e6c-66a914e26d4c (4262.8 MiB, 30.0s) ok
[2026-07-03T14:53:25] converted  48.8% 9968be68-ab65-4a38-9e1a-c9b6abece194 (643.0 MiB, 4.6s) ok
[2026-07-03T14:53:30] converted  49.1% 963a08cb-d995-4862-9614-f9d38a7d7540 (3614.2 MiB, 28.1s) ok
[2026-07-03T14:53:30] converted  49.1% 99950e99-2758-41d2-b2c9-643edcdf6d82 (846.2 MiB, 7.3s) ok
[2026-07-03T14:53:32] converted  49.2% 99e317c0-1fab-4f73-b511-859e752fd1c3 (970.9 MiB, 6.9s) ok
[2026-07-03T14:53:33] converted  49.2% 9bfecd44-e6b5-4072-9b64-cb7f0a117f88 (146.4 MiB, 0.9s) ok
[2026-07-03T14:53:33] converted  49.3% 9928ad5f-6afd-4fb0-89b0-6690e2a2ce25 (1853.5 MiB, 17.2s) ok
[2026-07-03T14:53:34] converted  49.4% 9a281de7-cee5-4e80-8584-1929f46f152f (552.2 MiB, 4.0s) ok
[2026-07-03T14:53:35] converted  49.4% 9a64bf99-ebe5-4276-93a8-bee9dff1cd47 (534.9 MiB, 4.4s) ok
[2026-07-03T14:53:36] converted  49.4% 9c1b5626-58df-4401-ae7b-f66d068c1551 (687.9 MiB, 3.7s) ok
[2026-07-03T14:53:41] converted  49.5% 9d5df009-eb76-43a3-b6cd-22017cc53700 (924.9 MiB, 7.4s) ok
[2026-07-03T14:53:41] converted  49.6% 9d8e5dca-03a3-457d-b7fb-844c75735c83 (1397.2 MiB, 7.2s) ok
[2026-07-03T14:53:42] converted  49.6% 9df60c57-fdf3-4e93-828e-fe9303f20438 (149.2 MiB, 1.3s) ok
[2026-07-03T14:53:44] converted  49.6% 9ea768a2-87ab-46b6-a73d-c4e915f25af3 (201.2 MiB, 1.7s) ok
[2026-07-03T14:53:46] converted  49.7% 9ec34295-ab16-47e2-af33-b884143e520b (287.6 MiB, 2.1s) ok
[2026-07-03T14:53:46] converted  50.0% 98f5d518-1e60-4307-b732-ab045cd3cbc2 (4591.0 MiB, 32.3s) ok
[2026-07-03T14:53:48] converted  50.1% 9ddea8d9-cc4c-420a-90f6-880996f808d4 (1321.7 MiB, 11.4s) ok
[2026-07-03T14:53:51] converted  50.1% 9f499d32-400d-4c42-ac9a-fb1481844fee (387.5 MiB, 2.9s) ok
[2026-07-03T14:53:55] converted  50.3% 9ea52f85-a35e-4b5b-9207-e2f1de7dbbcd (3078.3 MiB, 13.5s) ok
[2026-07-03T14:53:57] converted  50.4% 9fcb0b73-c734-40a5-be9c-ace7eea401c9 (792.3 MiB, 6.3s) ok
[2026-07-03T14:54:00] converted  50.4% a1058181-73af-4436-ba0a-9e3925d1f1c7 (320.3 MiB, 2.6s) ok
[2026-07-03T14:54:00] converted  50.5% 9f1a899f-05a0-44c5-8aa9-39df61ae4324 (1947.1 MiB, 14.6s) ok
[2026-07-03T14:54:02] converted  51.3% 8ef06ea4-8d0f-4303-a652-7d4604402b1f (12136.6 MiB, 98.0s) ok
[2026-07-03T14:54:02] converted  51.4% 9fddb063-056d-4202-8b8a-4b0ee531d3ce (975.7 MiB, 7.9s) ok
[2026-07-03T14:54:03] converted  51.4% a19b218b-1c0a-4618-b41f-7c216c623ec6 (408.1 MiB, 2.9s) ok
[2026-07-03T14:54:04] converted  51.5% a1b9c51e-a408-4f7f-bccb-abefe20ae2a5 (102.4 MiB, 1.0s) ok
[2026-07-03T14:54:05] converted  51.5% a24ce10f-5a87-4e1f-a34a-f4fe5fc84052 (143.4 MiB, 1.1s) ok
[2026-07-03T14:54:05] converted  51.5% a199ca73-035d-44e2-9893-4c493151db21 (1226.6 MiB, 5.7s) ok
[2026-07-03T14:54:09] converted  51.6% a20e2f2a-e171-450a-8ddc-8935c2977ad6 (708.0 MiB, 5.6s) ok
[2026-07-03T14:54:09] converted  51.7% a30db232-08a6-48f0-ab9f-ad6977b8a6b1 (787.2 MiB, 3.6s) ok
[2026-07-03T14:54:11] converted  51.7% a4116666-d295-4443-a174-0acc283f92c4 (214.4 MiB, 1.7s) ok
[2026-07-03T14:54:13] converted  51.7% a4157949-6f2a-40e2-b960-63f6e2bde918 (380.8 MiB, 2.7s) ok
[2026-07-03T14:54:15] converted  51.7% a37f857c-779f-464e-9310-3db43a1811e7 (806.4 MiB, 6.5s) ok
[2026-07-03T14:54:16] converted  51.8% a59ba9fa-1407-4f15-8c56-d3637421570d (118.0 MiB, 0.9s) ok
[2026-07-03T14:54:17] converted  51.8% a5b5d1f3-dd8b-44f6-a685-15f0f741c062 (53.8 MiB, 0.5s) ok
[2026-07-03T14:54:17] converted  51.8% a65bcc2d-4243-44c1-a262-ab7dcddfcf86 (18.3 MiB, 0.3s) ok
[2026-07-03T14:54:19] converted  51.8% a77176ec-96c8-4448-a3e7-b56940bdfab6 (311.0 MiB, 1.5s) ok
[2026-07-03T14:54:20] converted  51.8% a7b4f565-691d-43ea-bf4a-d2d1d52bb4b4 (197.4 MiB, 1.5s) ok
[2026-07-03T14:54:23] converted  51.9% a41fb1c7-87d1-4840-a375-a1a6b3ab6737 (1435.2 MiB, 9.6s) ok
[2026-07-03T14:54:23] converted  51.9% a82c43bb-a703-446d-aa24-049bf013121f (590.8 MiB, 3.0s) ok
[2026-07-03T14:54:24] converted  51.9% a9bedd04-51cb-42ad-83fe-cd749de71f1b (63.4 MiB, 0.7s) ok
[2026-07-03T14:54:25] converted  52.0% a84face4-eb30-4f43-994f-c6a13a097808 (208.6 MiB, 1.6s) ok
[2026-07-03T14:54:33] converted  52.4% a19d1667-a7b5-4556-9e5f-f9bfa690c0f1 (6341.8 MiB, 31.2s) ok
[2026-07-03T14:54:34] converted  53.2% 978a566a-dc27-478d-b306-26daba116c1f (11402.9 MiB, 85.8s) ok
[2026-07-03T14:54:38] converted  53.2% ab326369-b63c-48d8-8a7f-82ffa0df7002 (684.0 MiB, 3.9s) ok
[2026-07-03T14:54:39] converted  53.3% aad97cb5-f375-45ef-ae9d-178e7f5d5180 (984.5 MiB, 5.8s) ok
[2026-07-03T14:54:47] converted  53.4% ac2fea99-ce08-4fca-8d03-a19f37bf21a3 (1658.1 MiB, 7.6s) ok
[2026-07-03T14:54:47] converted  53.6% aa369999-a034-4ad9-b459-8a93c86ea77b (2773.3 MiB, 23.0s) ok
[2026-07-03T14:54:49] converted  53.6% acae7679-d077-461c-b857-ee6ccfeb267f (321.5 MiB, 2.2s) ok
[2026-07-03T14:54:49] converted  53.6% acd544d0-4d8b-46c7-98b3-fc48f7e6fdb7 (240.9 MiB, 1.7s) ok
[2026-07-03T14:54:50] converted  53.6% adda0684-f8ea-4403-b393-2a25607077c4 (98.1 MiB, 0.7s) ok
[2026-07-03T14:54:52] converted  54.1% a2c833f7-b7f1-4f4d-ad31-cae478b601b7 (6106.7 MiB, 47.5s) ok
[2026-07-03T14:54:53] converted  54.1% af8b241a-c72c-4470-b1a4-80e7336c6ab6 (55.5 MiB, 0.6s) ok
[2026-07-03T14:54:56] converted  54.1% aecc2743-4ff2-4b55-ac8c-a1ff76fc4bb4 (808.1 MiB, 6.4s) ok
[2026-07-03T14:54:57] converted  54.1% b07e5164-baf6-43d2-bdba-5a249d0da879 (41.2 MiB, 0.5s) ok
[2026-07-03T14:55:03] converted  54.2% b07fb54c-d7ad-4995-8bb0-8f3d8611cabe (783.5 MiB, 6.4s) ok
[2026-07-03T14:55:10] converted  58.3% 6f7fd0f1-a2ed-4ff1-80d3-33dde731cbc3 (59353.6 MiB, 343.3s) ok
[2026-07-03T14:55:16] converted  58.7% ac0c6561-7a48-4185-af6f-af799f699172 (5572.3 MiB, 38.0s) ok
[2026-07-03T14:55:19] converted  59.7% 9dbab10c-118d-496b-966a-67f1763a6b7d (15409.9 MiB, 104.8s) ok
[2026-07-03T14:55:20] converted  59.7% b25f3834-69b3-4d87-a272-3938432d1f30 (14.6 MiB, 0.2s) ok
[2026-07-03T14:55:23] converted  59.8% b2dda353-0c96-42df-8dcd-1ea7429a6feb (475.8 MiB, 3.9s) ok
[2026-07-03T14:55:24] converted  59.8% b3a5a10f-b1cb-4e8e-abce-bf345448625b (28.2 MiB, 0.3s) ok
[2026-07-03T14:55:28] converted  60.0% b0ef440b-e303-4ad2-ada8-ce13336280ba (2715.3 MiB, 18.6s) ok
[2026-07-03T14:55:30] converted  60.5% aa32098f-f7b0-43f2-a00a-601d190aae94 (7919.0 MiB, 66.5s) ok
[2026-07-03T14:55:30] converted  60.9% afae4675-434d-4e89-b5ce-2854c9dc38a3 (5104.6 MiB, 37.8s) ok
[2026-07-03T14:55:31] converted  60.9% b550fd94-97e0-42e2-90f7-7434781ea2f8 (97.5 MiB, 0.8s) ok
[2026-07-03T14:55:34] converted  61.0% b3c9904b-2ffd-4038-8620-ee1c5b072e9c (1329.0 MiB, 10.7s) ok
[2026-07-03T14:55:36] converted  61.0% b46237d1-19c6-4af2-9335-9854634bad16 (1039.8 MiB, 7.9s) ok
[2026-07-03T14:55:38] converted  61.1% b57462e3-1df5-463a-a3fa-4d67b93ef087 (979.9 MiB, 7.5s) ok
[2026-07-03T14:55:43] converted  61.1% b62f728b-a7eb-4889-8162-b3d457de93b9 (531.5 MiB, 4.6s) ok
[2026-07-03T14:55:45] converted  61.2% b61a921b-7fa3-4b42-b455-aaaf32447920 (1351.7 MiB, 8.9s) ok
[2026-07-03T14:55:48] converted  61.4% b58c19c6-bc2d-4461-b9bf-60fa2ac91479 (2223.3 MiB, 17.5s) ok
[2026-07-03T14:55:50] converted  61.4% b6e502d7-0d07-408e-a291-91b63af0a40a (280.7 MiB, 1.2s) ok
[2026-07-03T14:55:52] converted  61.5% b693123e-95e6-4331-8b50-f367489a767e (1450.6 MiB, 8.9s) ok
[2026-07-03T14:55:52] converted  61.5% b796f27e-e191-4f2d-b40c-e6ac58163b4e (132.3 MiB, 0.9s) ok
[2026-07-03T14:55:54] converted  61.6% b6b5ea88-e092-46e4-b9c5-e93b52d5c195 (1131.4 MiB, 8.5s) ok
[2026-07-03T14:55:54] converted  61.6% b6ee0939-b5b9-4e03-9d69-96fb6bf5d434 (490.1 MiB, 4.1s) ok
[2026-07-03T14:55:54] converted  61.8% b617ee1b-f8c8-4de9-b82b-e803ab93550d (2720.3 MiB, 19.7s) ok
[2026-07-03T14:55:55] converted  61.8% b8681124-aabf-4904-b9c9-66d834bf5bba (139.4 MiB, 1.0s) ok
[2026-07-03T14:55:56] converted  61.8% bac09168-940b-4b11-8d55-b4955f80b98d (174.9 MiB, 1.4s) ok
[2026-07-03T14:55:57] converted  61.8% babbf9f3-f482-45a5-ba76-c41f4c2f503e (283.3 MiB, 2.4s) ok
[2026-07-03T14:55:57] converted  61.9% bd3e3487-c1e6-4298-b9de-8bdcf3f938d7 (88.6 MiB, 0.8s) ok
[2026-07-03T14:55:58] converted  61.9% bc7260e0-54cf-4b0b-823d-93f5b850f757 (160.7 MiB, 1.4s) ok
[2026-07-03T14:55:58] converted  61.9% bab7432a-5cfe-45ea-928c-422d03c45cdd (647.3 MiB, 4.2s) ok
[2026-07-03T14:55:58] converted  61.9% bdd109f1-ca27-45dc-bb9f-473008449428 (86.5 MiB, 0.8s) ok
[2026-07-03T14:56:00] converted  61.9% be39785b-67cb-4177-be19-a40ee3747e45 (267.4 MiB, 2.3s) ok
[2026-07-03T14:56:02] converted  62.0% b7efc0ba-9136-4f3f-adb2-d07849e59a3d (1300.7 MiB, 9.5s) ok
[2026-07-03T14:56:03] converted  62.0% be884a28-0eac-4eca-9c23-1294a93cf56e (173.6 MiB, 1.4s) ok
[2026-07-03T14:56:07] converted  62.1% c05e6940-729c-47bd-a2a6-6ce3730c4919 (488.4 MiB, 3.7s) ok
[2026-07-03T14:56:07] converted  62.2% bd65a70f-b274-4133-b9dd-0d1431b6af34 (1276.3 MiB, 10.1s) ok
[2026-07-03T14:56:08] converted  62.2% c05fb583-eb2f-4e3a-8e74-f9bd6414e418 (130.4 MiB, 1.2s) ok
[2026-07-03T14:56:11] converted  62.2% c0fb0d06-225b-4611-b802-d2f34b438a29 (654.3 MiB, 3.4s) ok
[2026-07-03T14:56:17] converted  62.3% c2a461b1-0c15-4047-9fcb-1f966fe55100 (806.3 MiB, 6.2s) ok
[2026-07-03T14:56:20] converted  62.3% c2aad8fc-b63b-4f9b-9cfd-baf7bc9c1771 (426.3 MiB, 3.0s) ok
[2026-07-03T14:56:23] converted  62.5% be41a86a-b606-4b1c-8055-32f334898775 (2950.9 MiB, 23.1s) ok
[2026-07-03T14:56:25] converted  62.5% c4dd26a8-d956-4bee-a233-44b573f2ce27 (167.4 MiB, 1.2s) ok
[2026-07-03T14:56:26] converted  62.8% be401db3-d732-408a-b0c4-71af0458b8ab (3833.6 MiB, 27.7s) ok
[2026-07-03T14:56:27] converted  62.8% c5cfa2b7-abb1-4a50-908f-707b54ca606b (88.6 MiB, 0.7s) ok
[2026-07-03T14:56:28] converted  62.8% c54c9659-1b6b-4d4a-96f0-7dc987410f2d (697.1 MiB, 3.5s) ok
[2026-07-03T14:56:28] converted  63.6% b0e547f0-462b-4f81-b31b-5b0a5d96f537 (11382.1 MiB, 85.4s) ok
[2026-07-03T14:56:28] converted  63.6% c69fb6cd-fc4d-4216-85cb-8d80e7771786 (199.3 MiB, 1.7s) ok
[2026-07-03T14:56:30] converted  63.6% c7856243-c59a-4b70-8ce7-25b94c2d9da1 (187.5 MiB, 1.4s) ok
[2026-07-03T14:56:31] converted  63.6% c874f155-9bf9-4928-b821-f52c876b3e48 (59.5 MiB, 0.7s) ok
[2026-07-03T14:56:31] converted  63.7% c3bf8bcf-abb7-4d71-8491-bd4901b474cf (1496.5 MiB, 11.4s) ok
[2026-07-03T14:56:35] converted  63.8% c893ddc3-f25b-45e2-8c9e-155918b4261c (671.3 MiB, 4.5s) ok
[2026-07-03T14:56:36] converted  63.8% ca140407-efd4-48e3-a040-524b8a7752cc (472.4 MiB, 4.1s) ok
[2026-07-03T14:56:36] converted  63.8% ca20e2ac-5676-4158-b5d0-0c2b15898b19 (98.3 MiB, 0.9s) ok
[2026-07-03T14:56:49] converted  63.9% ca46ffe6-0a26-4d8d-82fa-81722daf1102 (1448.1 MiB, 12.6s) ok
[2026-07-03T14:56:51] converted  64.6% b252b015-b488-4d5c-b16e-968c13e48a2c (10175.7 MiB, 94.7s) ok
[2026-07-03T14:56:51] converted  64.6% cab0bc48-744c-461b-aaf4-7bf2cb7af00d (47.9 MiB, 0.5s) ok
[2026-07-03T14:56:55] converted  66.3% 9f222629-9e39-47d0-b83f-e08d610c7479 (24030.7 MiB, 189.2s) ok
[2026-07-03T14:57:00] converted  66.6% ca421096-6240-4cee-8c12-d20899b3e005 (4577.4 MiB, 24.5s) ok
[2026-07-03T14:57:03] converted  66.6% ccfdcad0-7104-46b9-addf-fd66a2a15907 (309.6 MiB, 2.7s) ok
[2026-07-03T14:57:06] converted  66.8% cb252df6-6e49-4553-abd1-495a00006fb1 (1832.3 MiB, 14.6s) ok
[2026-07-03T14:57:06] converted  66.8% cd4c96bb-ad66-4e83-ba9e-a7df8790eb12 (58.8 MiB, 0.4s) ok
[2026-07-03T14:57:09] converted  67.3% c7775e88-49bf-4ba2-a03b-93f00447c958 (7336.2 MiB, 40.5s) ok
[2026-07-03T14:57:09] converted  67.4% cbec7853-d996-4493-bbf8-5d82857a4e51 (1592.1 MiB, 13.4s) ok
[2026-07-03T14:57:09] converted  67.4% ce009dc1-ac57-4386-b72f-5c575701c253 (26.3 MiB, 0.3s) ok
[2026-07-03T14:57:11] converted  67.4% cee9b331-3ba0-4461-8bbd-867819d9fc0a (447.0 MiB, 2.3s) ok
[2026-07-03T14:57:14] converted  67.5% cdbff22b-a287-460d-afae-7b497e403491 (573.1 MiB, 5.1s) ok
[2026-07-03T14:57:15] converted  67.5% cfa3c355-ee77-4fc8-9a00-78e61d23024c (207.0 MiB, 1.2s) ok
[2026-07-03T14:57:15] converted  67.5% cf83c98a-3791-4537-bbde-a719f6d73c13 (572.5 MiB, 3.6s) ok
[2026-07-03T14:57:16] converted  67.8% ca7d95ac-53aa-4a94-8c76-300c608ce6a0 (4084.8 MiB, 27.8s) ok
[2026-07-03T14:57:18] converted  67.8% d02287f3-408b-438d-9131-999e460cbd0e (361.2 MiB, 2.7s) ok
[2026-07-03T14:57:18] converted  67.8% d1207c81-7309-43a7-a5a0-f4283670b62b (271.6 MiB, 1.7s) ok
[2026-07-03T14:57:19] converted  67.8% d18736c3-6292-4379-919a-d6d973204c87 (215.0 MiB, 1.6s) ok
[2026-07-03T14:57:19] converted  68.1% cd2f23c1-aef1-48ae-8eb4-0bcf124e567d (3139.0 MiB, 16.6s) ok
[2026-07-03T14:57:21] converted  68.1% d2514440-d747-4d8d-b2c7-b58ef8b71fbe (372.1 MiB, 2.8s) ok
[2026-07-03T14:57:21] converted  68.1% d2bc2703-a9b5-4949-b85d-61da7b9961b1 (37.6 MiB, 0.3s) ok
[2026-07-03T14:57:22] converted  68.1% d288b10a-643e-44bd-b451-96e9588b2ee5 (358.5 MiB, 2.6s) ok
[2026-07-03T14:57:22] converted  68.1% d3566d6a-a455-4a15-980f-45eb29114cab (11.3 MiB, 0.1s) ok
[2026-07-03T14:57:22] converted  68.1% d2b5efc1-14c6-4b5f-bd98-40f9084872d7 (394.8 MiB, 2.8s) ok
[2026-07-03T14:57:23] converted  68.2% d3d4baff-d142-4f13-acc6-96a4ef6a3e95 (77.5 MiB, 0.7s) ok
[2026-07-03T14:57:24] converted  68.2% d319af7f-be2e-441e-8caa-3b8a88480e89 (371.0 MiB, 2.7s) ok
[2026-07-03T14:57:27] converted  68.4% cda2c8cd-be1c-42e5-b2cd-162caa1c4ce7 (2861.2 MiB, 21.0s) ok
[2026-07-03T14:57:28] converted  68.4% d41f45c1-1b7b-4573-a998-ac5c5acb1647 (683.8 MiB, 5.1s) ok
[2026-07-03T14:57:29] converted  68.4% d5452b83-7c3d-4d7c-ab7a-c7fece7196c5 (78.5 MiB, 0.6s) ok
[2026-07-03T14:57:29] converted  68.4% d51dc6f3-de9d-4695-8ad9-ffcf94876e0f (198.4 MiB, 1.7s) ok
[2026-07-03T14:57:31] converted  68.5% d582f63a-3c88-4e38-8cd3-8682dbe40f64 (321.4 MiB, 2.3s) ok
[2026-07-03T14:57:34] converted  68.5% d5a2d011-3765-4dad-ac36-3fff087589fe (685.8 MiB, 3.0s) ok
[2026-07-03T14:57:35] converted  68.5% d5c67a4e-a8d9-456d-a273-fa01adb1b308 (187.0 MiB, 1.3s) ok
[2026-07-03T14:57:49] converted  68.7% d4e69e01-3ba2-4d6b-a15d-e7048f78f22e (3196.3 MiB, 25.1s) ok
[2026-07-03T14:57:52] converted  71.0% ae4f8ddd-cac9-4172-9681-2175da462f2e (32406.6 MiB, 182.5s) ok
[2026-07-03T14:57:54] converted  71.0% d6a5b240-cc8f-45c1-ad36-2fc291e15e8e (241.6 MiB, 1.9s) ok
[2026-07-03T14:58:03] converted  71.1% d68a8b48-abf0-4bd5-8834-155d34ec448a (2033.9 MiB, 13.7s) ok
[2026-07-03T14:58:03] converted  71.6% cff99df2-4904-44f7-9173-ff837f95606e (6656.2 MiB, 48.3s) ok
[2026-07-03T14:58:04] converted  71.6% d7cff847-6403-44a6-ad8a-2f5a783639dd (189.3 MiB, 1.2s) ok
[2026-07-03T14:58:06] converted  71.6% d7d7e89c-c93a-422d-8958-9b4a90b69558 (160.4 MiB, 1.3s) ok
[2026-07-03T14:58:09] converted  71.6% d7dcfd8f-2ee7-4385-b9ac-e074c23ed190 (390.9 MiB, 3.2s) ok
[2026-07-03T14:58:10] converted  72.0% d567b692-c374-4628-a508-8008f6778f22 (5489.3 MiB, 41.6s) ok
[2026-07-03T14:58:15] converted  72.1% d8da613f-e681-4c69-b463-e94f5e66847f (516.6 MiB, 4.4s) ok
[2026-07-03T14:58:17] converted  72.4% d6dfdef1-406d-4efb-808c-3c5eddbfe0cb (5474.5 MiB, 23.9s) ok
[2026-07-03T14:58:18] converted  72.4% d973ea15-3722-4bc8-a0e8-1d956d26e203 (25.2 MiB, 0.3s) ok
[2026-07-03T14:58:18] converted  72.5% d967b47c-a9e6-4337-b2f4-977f690cb67f (543.4 MiB, 3.5s) ok
[2026-07-03T14:58:20] converted  72.6% d71c6645-7ecb-4396-9c80-04d2749ab2e0 (2136.7 MiB, 17.0s) ok
[2026-07-03T14:58:21] converted  72.7% d995b85b-69f2-48f4-b6ec-0b7bffd120f5 (381.9 MiB, 2.8s) ok
[2026-07-03T14:58:22] converted  72.7% db1d2c1b-2ee1-45d5-9d53-69a327cd77e6 (279.8 MiB, 2.0s) ok
[2026-07-03T14:58:22] converted  72.7% db59611b-42de-4035-93aa-1ed39f38b467 (132.2 MiB, 1.2s) ok
[2026-07-03T14:58:22] converted  72.7% dbf0bd35-87f8-4b25-bc90-a3c54f379907 (26.0 MiB, 0.4s) ok
[2026-07-03T14:58:22] converted  72.7% dc30c3ec-46d6-4cd8-8ec1-b544a3d0f503 (32.7 MiB, 0.3s) ok
[2026-07-03T14:58:24] converted  72.7% dd03ce70-3243-4c96-9561-330cc461e4d7 (256.9 MiB, 1.9s) ok
[2026-07-03T14:58:24] converted  73.8% c838aec3-03ef-4398-b882-0e3912abfff0 (15222.9 MiB, 115.6s) ok
[2026-07-03T14:58:25] converted  73.8% d9f3a82c-24bb-4277-b715-8ec92a33dd32 (1048.6 MiB, 7.1s) ok
[2026-07-03T14:58:25] converted  73.8% de2c780c-1747-40bd-9ccf-9588ec186cee (206.3 MiB, 1.4s) ok
[2026-07-03T14:58:27] converted  73.9% de94c504-4b58-4f42-b68d-74a8e4892f0e (154.0 MiB, 1.4s) ok
[2026-07-03T14:58:27] converted  73.9% ddb22b3d-a75c-4dd1-9730-dff7fc8ca530 (875.8 MiB, 5.1s) ok
[2026-07-03T14:58:29] converted  73.9% de985818-285f-4f59-9dbd-d74968fddba3 (391.8 MiB, 3.1s) ok
[2026-07-03T14:58:30] converted  74.0% dea1aa78-c0a2-413f-b375-f91cce49e4d0 (552.9 MiB, 3.7s) ok
[2026-07-03T14:58:31] converted  74.0% df1edb87-e512-43ae-b5f4-cb179cfc2bb4 (476.2 MiB, 3.9s) ok
[2026-07-03T14:58:32] converted  74.0% e067e5ca-e53e-485f-aa8e-efd5435229c8 (394.6 MiB, 3.1s) ok
[2026-07-03T14:58:32] converted  74.0% e2094676-d4d5-400c-afa5-7ca3ec09025c (90.7 MiB, 0.8s) ok
[2026-07-03T14:58:33] converted  74.1% e22482ee-19e8-40bc-9f6e-541dc3c82c20 (203.0 MiB, 1.9s) ok
[2026-07-03T14:58:37] converted  74.1% e1f595f6-ba2c-495e-9bee-7056f116b1e4 (998.2 MiB, 6.9s) ok
[2026-07-03T14:58:39] converted  74.2% e2a325e2-5633-4950-ae46-ebff70979e3b (410.2 MiB, 1.9s) ok
[2026-07-03T14:58:39] converted  74.2% e347396c-a7ff-4691-9f7a-99a43555ca18 (11.0 MiB, 0.1s) ok
[2026-07-03T14:58:42] converted  74.2% e2a00644-0a48-4815-ae87-d562045114f5 (1202.1 MiB, 8.8s) ok
[2026-07-03T14:58:45] converted  74.3% e3cc5b85-62ec-4add-bee3-73c8fd11e59d (403.7 MiB, 2.8s) ok
[2026-07-03T14:58:51] converted  74.3% e3ed2ba4-edf5-40ac-8750-8a417ad1eefe (698.1 MiB, 5.6s) ok
[2026-07-03T14:58:53] converted  74.6% e34f3f89-3a48-4173-a06a-9e9803f2e2b9 (4112.9 MiB, 13.4s) ok
[2026-07-03T14:58:56] converted  74.6% e500acbf-f166-4c46-b290-f93506cf26d3 (481.8 MiB, 3.8s) ok
[2026-07-03T14:59:00] converted  74.9% e2808a6e-e2ea-41b9-b38c-4a08f1677f02 (3796.2 MiB, 28.0s) ok
[2026-07-03T14:59:07] converted  75.3% de5416ef-bbfa-41f3-99d4-01a3554173f5 (5805.4 MiB, 42.4s) ok
[2026-07-03T14:59:08] converted  75.3% e5b1115b-a486-49bb-bda3-8261822836e0 (275.1 MiB, 2.0s) ok
[2026-07-03T14:59:09] converted  75.3% e5f5d954-cf0e-4bd8-9346-8d1ddf15a08b (22.1 MiB, 0.3s) ok
[2026-07-03T14:59:19] converted  75.4% e6361237-ac4e-4c5d-ad8f-f16aca0c0a8f (1416.3 MiB, 9.9s) ok
[2026-07-03T14:59:21] converted  75.8% e51bae9a-c747-4b64-904a-4da7cda218ab (4890.2 MiB, 24.7s) ok
[2026-07-03T14:59:27] converted  75.8% e6dad530-418b-47f9-af6e-472e56a7b314 (890.3 MiB, 8.3s) ok
[2026-07-03T14:59:29] converted  76.3% e40c6272-af77-4a10-9385-62a398884f27 (7172.1 MiB, 38.5s) ok
[2026-07-03T14:59:33] converted  76.4% e7bd68ab-df49-44df-9b1e-8486114aeeb5 (1562.1 MiB, 11.8s) ok
[2026-07-03T14:59:35] converted  76.4% e8681d74-ac9e-4be5-be14-1cf1bbd54dd7 (294.5 MiB, 2.2s) ok
[2026-07-03T14:59:36] converted  76.5% e7c5ba7e-4be0-4696-af50-a07d0dc7aac5 (1153.1 MiB, 9.0s) ok
[2026-07-03T14:59:37] converted  76.5% ea01c125-67a7-4bd3-a8b0-e1b53a011b7e (81.8 MiB, 0.8s) ok
[2026-07-03T14:59:37] converted  76.5% ea786a06-5855-48b7-80d7-0313a21a2044 (28.7 MiB, 0.4s) ok
[2026-07-03T14:59:39] converted  76.6% e84f2780-51e8-4cfa-8aa0-13bbfef677c7 (1174.8 MiB, 9.5s) ok
[2026-07-03T14:59:42] converted  76.7% ea95cdd5-cf7e-4d5d-a0bd-032776d32ae5 (1266.4 MiB, 4.8s) ok
[2026-07-03T14:59:44] converted  76.7% ebaaa22f-fbaa-4a9c-aa62-b938a4e2d319 (255.5 MiB, 2.1s) ok
[2026-07-03T15:00:11] converted  77.0% eb499fd8-7000-419f-8854-926b9b61b11f (4777.6 MiB, 32.3s) ok
[2026-07-03T15:00:19] converted  77.1% ec6ceff8-c8bc-488d-b6bf-30df2fa92169 (949.0 MiB, 7.9s) ok
[2026-07-03T15:00:28] converted  77.2% ecce9688-66ea-4600-98f7-84aed7421c01 (1930.4 MiB, 9.1s) ok
[2026-07-03T15:00:31] converted  77.3% ecd9230d-c571-4dab-abd3-8b54c74833f0 (352.0 MiB, 2.5s) ok
[2026-07-03T15:00:31] converted  77.3% ed11cc3e-2947-407c-883c-c53b043917c3 (78.6 MiB, 0.6s) ok
[2026-07-03T15:00:33] converted  77.3% ed33c203-233a-476a-a56b-28da945fdd32 (293.0 MiB, 2.1s) ok
[2026-07-03T15:00:35] converted  77.7% ebc2e1ff-c8f9-466a-acf4-9d291afaf8b3 (6424.8 MiB, 50.5s) ok
[2026-07-03T15:00:37] converted  78.5% e522d2cd-7927-4e59-a4ed-064009569279 (10958.4 MiB, 97.5s) ok
[2026-07-03T15:00:38] converted  78.5% ed9e9f96-4f08-49d2-bef5-b2c29adf3edc (62.6 MiB, 0.7s) ok
[2026-07-03T15:00:50] converted  78.7% ed5d841d-6346-47d4-ab2f-7119ad7e3a35 (2408.4 MiB, 17.2s) ok
[2026-07-03T15:00:55] converted  78.9% ed880090-465d-4477-9d98-70838ca288e3 (2815.3 MiB, 20.6s) ok
[2026-07-03T15:00:58] converted  78.9% edbfa04a-f1dd-496a-8237-df11d70621ca (1054.1 MiB, 7.8s) ok
[2026-07-03T15:00:59] converted  78.9% ee195b7d-184d-4dfa-9b1c-51a7e601ac11 (25.6 MiB, 0.3s) ok
[2026-07-03T15:01:00] converted  78.9% eeacb0c1-2217-4cf6-b8ce-1f0fedf1b569 (139.5 MiB, 1.2s) ok
[2026-07-03T15:01:00] converted  78.9% eec804b9-2ae5-44f0-a1b5-d721e21257de (11.7 MiB, 0.2s) ok
[2026-07-03T15:01:01] converted  79.3% edb69e37-d90e-4189-8e96-02f95881ead8 (4711.7 MiB, 23.0s) ok
[2026-07-03T15:01:06] converted  79.3% ef1a4b05-540c-4f73-8ceb-49dfa800645d (750.7 MiB, 4.5s) ok
[2026-07-03T15:01:06] converted  79.3% f0e0575d-d64d-4418-809e-60789bf6c155 (28.5 MiB, 0.4s) ok
[2026-07-03T15:01:06] converted  79.4% ef0fc6ac-4872-40e1-ab24-e445b19ca6e3 (1135.4 MiB, 6.5s) ok
[2026-07-03T15:01:07] converted  80.9% d7f5d8d0-6150-48d7-b094-c34286ad11a1 (21623.7 MiB, 177.9s) ok
[2026-07-03T15:01:08] converted  80.9% f156606a-dd9a-49fd-bc40-0e069b6cf07c (79.1 MiB, 0.8s) ok
[2026-07-03T15:01:09] converted  80.9% f15e263b-6544-46cb-a46e-e33ab7ce8347 (172.2 MiB, 1.6s) ok
[2026-07-03T15:01:11] converted  81.1% edc8d3fe-153c-4e3d-8be0-2108d30f8d70 (2926.4 MiB, 15.9s) ok
[2026-07-03T15:01:12] converted  81.1% f20f44ef-a0d4-4d94-87de-037fd47141f0 (155.6 MiB, 1.2s) ok
[2026-07-03T15:01:13] converted  81.2% f0f0d7c4-3bec-428e-9539-c99d36548d96 (953.3 MiB, 6.5s) ok
[2026-07-03T15:01:14] converted  81.2% f3565fda-499a-4d20-bd92-563c09954c42 (174.7 MiB, 1.4s) ok
[2026-07-03T15:01:15] converted  81.2% f3c49918-4707-4d92-bb6d-2b5b4eb9d1b4 (107.2 MiB, 0.8s) ok
[2026-07-03T15:01:15] converted  81.2% f3ee7613-b27f-4deb-a5aa-1d4f9a2db963 (76.7 MiB, 0.6s) ok
[2026-07-03T15:01:19] converted  81.2% f3fd3f55-8eb1-4918-8ae8-5f735adbae0e (536.7 MiB, 4.1s) ok
[2026-07-03T15:01:21] converted  81.3% f32c2c13-bb1a-4ffd-a457-60b64ecfa4cb (1140.6 MiB, 8.3s) ok
[2026-07-03T15:01:22] converted  81.3% f502c312-05dc-4fd4-a762-92a63e92b539 (302.3 MiB, 2.4s) ok
[2026-07-03T15:01:23] converted  81.4% f512b8b6-369d-4a85-a695-116e0806857f (280.5 MiB, 2.0s) ok
[2026-07-03T15:01:24] converted  81.4% f5a04dff-d394-4023-8811-65494e8bb11d (347.4 MiB, 2.6s) ok
[2026-07-03T15:01:25] converted  81.4% f5be4b96-f5a3-4c3d-84ac-6f69daf744d5 (72.6 MiB, 0.6s) ok
[2026-07-03T15:01:28] converted  81.4% f5be9ed2-5d41-4a52-91e4-4ff24ff84900 (282.7 MiB, 2.6s) ok
[2026-07-03T15:01:33] converted  81.6% f1606894-59df-4794-a37f-baa7c6fb6de1 (2694.3 MiB, 23.9s) ok
[2026-07-03T15:01:33] converted  81.7% f641d68a-e877-4bb8-afd7-b8fa3921d461 (817.1 MiB, 5.6s) ok
[2026-07-03T15:01:34] converted  81.7% f6d9f2ad-5ec7-4d53-b7f0-ceb0e7bcd181 (35.7 MiB, 0.3s) ok
[2026-07-03T15:01:36] converted  81.7% f6cc8a47-2dea-40aa-8608-d771c5ef8a07 (437.0 MiB, 2.7s) ok
[2026-07-03T15:01:38] converted  81.7% f7ca7eb9-0919-4eba-99a1-21ba382b4174 (339.3 MiB, 2.4s) ok
[2026-07-03T15:01:39] converted  81.7% f801b7a9-80a6-4d09-9161-71474deb58ae (63.2 MiB, 0.6s) ok
[2026-07-03T15:01:40] converted  81.7% f8d8b443-bca6-4c3c-9042-669dfb7f8030 (140.1 MiB, 1.0s) ok
[2026-07-03T15:01:42] converted  81.7% f8dda921-5fb4-4c94-a654-c6fc346bfd6d (280.5 MiB, 2.0s) ok
[2026-07-03T15:01:42] converted  82.1% f14bc322-1322-4184-8d16-409557525ea5 (4950.2 MiB, 35.7s) ok
[2026-07-03T15:01:42] converted  82.1% f9cfac8d-bff6-47a2-a1f6-503827d375f5 (50.0 MiB, 0.3s) ok
[2026-07-03T15:01:43] converted  82.1% f9034091-2e8f-4ac6-9874-e7b7eb566824 (172.5 MiB, 1.3s) ok
[2026-07-03T15:01:44] converted  82.1% fa554686-fc07-44dd-b2de-b726d82d26ec (274.9 MiB, 2.0s) ok
[2026-07-03T15:01:45] converted  82.3% f5b0810c-1664-4a62-ad06-be1d9964aa8b (3046.3 MiB, 22.6s) ok
[2026-07-03T15:01:46] converted  82.3% fbdd8c17-b34a-4cbc-abc4-1aeaa294a538 (80.3 MiB, 0.6s) ok
[2026-07-03T15:01:47] converted  82.3% fbf173f9-f809-4d84-9b65-ae205d35b523 (102.1 MiB, 0.8s) ok
[2026-07-03T15:01:47] converted  82.4% fa8605cf-f27e-44af-ac2a-476bee4410d3 (440.7 MiB, 3.7s) ok
[2026-07-03T15:01:49] converted  82.4% fe1a73ab-a203-45fd-84e9-0f7fd19efcbd (298.8 MiB, 2.3s) ok
[2026-07-03T15:01:53] converted  82.5% fb5eeccf-3c2a-473c-b6e3-7a1dda18d42d (1078.3 MiB, 8.3s) ok
[2026-07-03T15:01:54] converted  86.4% c2876b1b-06d8-4d96-a56b-5304f815b99a (56718.1 MiB, 346.1s) ok
[2026-07-03T15:01:56] converted  86.5% fe2479fd-daff-41a8-97dc-a50457ab1871 (935.0 MiB, 6.8s) ok
[2026-07-03T15:02:02] converted  86.5% fe4b89d5-461e-440c-a5a8-621b37b122c0 (1027.8 MiB, 9.2s) ok
[2026-07-03T15:02:03] converted  89.0% d3cb449b-c2b1-4b50-a7f1-21203535fe61 (35181.3 MiB, 280.8s) ok
[2026-07-03T15:02:04] converted  89.0% ff7d15fa-f4b6-4a0e-992e-fd0c9d088ded (262.9 MiB, 2.0s) ok
[2026-07-03T15:02:14] converted  89.2% fe7aae33-6f7c-41a5-8d29-9996a9ddf1ab (3949.9 MiB, 19.4s) ok
[2026-07-03T15:03:08] converted  90.4% f7c1c579-2dc0-47e2-ba19-8165c5a0e353 (16261.5 MiB, 94.2s) ok
[2026-07-03T15:03:10] converted  91.1% fd072bc3-2dfb-46f8-b4e3-467cb3223182 (10647.6 MiB, 83.9s) ok
[2026-07-03T15:03:44] converted  94.2% d6505c89-c43d-4c28-8c4f-7351a5fd5528 (44611.7 MiB, 368.8s) ok
[2026-07-03T15:05:02] converted  96.9% e88a8e7c-0586-4690-8aa6-34efd7076f7a (38903.4 MiB, 326.9s) ok
[2026-07-03T15:08:22] converted 100.0% ff4235bb-1cdf-4dcf-a13a-dc4f32244400 (45375.4 MiB, 386.0s) ok
[2026-07-03T15:08:22] done converted=619 skipped=3 failed=0 logs=/mnt/shared-storage-user/dnacoding/wangzhongqi/Code/Project/scdata/recompress-logs
